Microchip MPLAB XC8 Compiler V1.37 ()

Linker command line:

-W-3 --edf=/opt/microchip/xc8/v1.37/dat/en_msgs.txt -cs \
  -h+dist/default/production/safetool.X.production.sym \
  --cmf=dist/default/production/safetool.X.production.cmf -z -Q18F2550 \
  -o/tmp/xcXW1kqa7 -Mdist/default/production/safetool.X.production.map -E1 \
  -ver=XC8 -ASTACK=060h-07ffh -pstack=STACK -ACODE=00h-07FFFh \
  -ACONST=00h-07FFFh -ASMALLCONST=0800h-08FFhx120 \
  -AMEDIUMCONST=0800h-07FFFh -ACOMRAM=01h-05Fh -AABS1=00h-07FFh \
  -ABIGRAM=01h-07FFh -ARAM=060h-0FFh,0100h-01FFhx7 -ABANK0=060h-0FFh \
  -ABANK1=0100h-01FFh -ABANK2=0200h-02FFh -ABANK3=0300h-03FFh \
  -ABANK4=0400h-04FFh -ABANK5=0500h-05FFh -ABANK6=0600h-06FFh \
  -ABANK7=0700h-07FFh -ASFR=0F60h-0FFFh \
  -preset_vec=00h,intcode,intcodelo,powerup,init,end_init -pramtop=0800h \
  -psmallconst=SMALLCONST -pmediumconst=MEDIUMCONST -pconst=CONST \
  -AFARRAM=00h-00h -ACONFIG=0300000h-030000Dh -pconfig=CONFIG \
  -AIDLOC=0200000h-0200007h -pidloc=IDLOC -AEEDATA=0F00000h-0F000FFh \
  -peeprom_data=EEDATA \
  -prdata=COMRAM,nvrram=COMRAM,nvbit=COMRAM,rbss=COMRAM,rbit=COMRAM \
  -pfarbss=FARRAM,fardata=FARRAM,nvFARRAM=FARRAM \
  -pintsave_regs=BIGRAM,bigbss=BIGRAM,bigdata=BIGRAM -pbss=RAM \
  -pidata=CODE,irdata=CODE,ibigdata=CODE,ifardata=CODE -prparam=COMRAM \
  /tmp/xcXhjqPA1.obj dist/default/production/safetool.X.production.obj 

Object code version is 3.11

Machine type is 18F2550

Call graph: (short form)




                Name                               Link     Load   Length Selector   Space Scale
/tmp/xcXhjqPA1.obj
                end_init                              0        0        4        0       0
                idloc                            200000   200000        8   200000       0
                config                           300000   300000        E   300000       0
dist/default/production/safetool.X.production.obj
                text6                              7C16     7C16       AE     3E0B       0
                text5                              7CC4     7CC4       F4     3E62       0
                text4                              7DB8     7DB8       F4     3EDC       0
                text3                              7BBA     7BBA       5C     3DDD       0
                text2                              7B54     7B54       26     3DAA       0
                text1                              7B7A     7B7A       40     3DBD       0
                text0                              7EAC     7EAC      154     3F56       0
                cstackCOMRAM                          1        1       36        1       1
                cinit                              7B4A     7B4A        A     3DA5       0

TOTAL           Name                               Link     Load   Length     Space
        CLASS   STACK          

        CLASS   CODE           
                end_init                              0        0        4         0
                text6                              7C16     7C16       AE         0
                text5                              7CC4     7CC4       F4         0
                text4                              7DB8     7DB8       F4         0
                text3                              7BBA     7BBA       5C         0
                text2                              7B54     7B54       26         0
                text1                              7B7A     7B7A       40         0
                text0                              7EAC     7EAC      154         0
                cinit                              7B4A     7B4A        A         0

        CLASS   CONST          

        CLASS   SMALLCONST     

        CLASS   MEDIUMCONST    

        CLASS   COMRAM         
                cstackCOMRAM                          1        1       36         1

        CLASS   ABS1           

        CLASS   BIGRAM         

        CLASS   RAM            

        CLASS   BANK0          

        CLASS   BANK1          

        CLASS   BANK2          

        CLASS   BANK3          

        CLASS   BANK4          

        CLASS   BANK5          

        CLASS   BANK6          

        CLASS   BANK7          

        CLASS   SFR            

        CLASS   FARRAM         

        CLASS   CONFIG         
                config                           300000   300000        E         0

        CLASS   IDLOC          
                idloc                            200000   200000        8         0

        CLASS   EEDATA         



SEGMENTS        Name                           Load    Length   Top    Selector   Space  Class

                reset_vec                      000000  000004  000004         0       0  CODE    
                cstackCOMRAM                   000001  000036  000037         1       1  COMRAM  
                cinit                          007B4A  00000A  007B54      3DA5       0  CODE    
                text2                          007B54  000026  007B7A      3DAA       0  CODE    
                text1                          007B7A  000040  007BBA      3DBD       0  CODE    
                text3                          007BBA  00005C  007C16      3DDD       0  CODE    
                text6                          007C16  0000AE  007CC4      3E0B       0  CODE    
                text5                          007CC4  0000F4  007DB8      3E62       0  CODE    
                text4                          007DB8  0000F4  007EAC      3EDC       0  CODE    
                text0                          007EAC  000154  008000      3F56       0  CODE    
                idloc                          200000  000008  200008    200000       0  IDLOC   
                config                         300000  00000E  30000E    300000       0  CONFIG  


UNUSED ADDRESS RANGES

        Name                Unused          Largest block    Delta
        BANK0            000060-0000FF               A0
        BANK1            000100-0001FF              100
        BANK2            000200-0002FF              100
        BANK3            000300-0003FF              100
        BANK4            000400-0004FF              100
        BANK5            000500-0005FF              100
        BANK6            000600-0006FF              100
        BANK7            000700-0007FF              100
        BIGRAM           000037-0007FF              7C9
        CODE             000004-007B49             7B46
        COMRAM           000037-00005F               29
        CONST            000004-007B49             7B46
        EEDATA           F00000-F000FF              100
        MEDIUMCONST      000800-007B49             734A
        RAM              000060-0007FF              100
        SFR              000F60-000FFF               A0
        SMALLCONST       000800-007B49              100
        STACK            000060-0007FF              7A0

                                  Symbol Table

?___ftmul                cstackCOMRAM 000012
?___ftpack               cstackCOMRAM 000001
?___fttol                cstackCOMRAM 000001
?___lltoft               cstackCOMRAM 000009
?___wmul                 cstackCOMRAM 000001
_LATAbits                (abs)        000F89
_OSCCON                  (abs)        000FD3
_PORTAbits               (abs)        000F80
_TRISAbits               (abs)        000F92
__CFG_FOSC$INTOSC_EC     (abs)        000000
__CFG_WDT$OFF            (abs)        000000
__HRAM                   (abs)        000000
__Habs1                  abs1         000000
__Hbank0                 bank0        000000
__Hbank1                 bank1        000000
__Hbank2                 bank2        000000
__Hbank3                 bank3        000000
__Hbank4                 bank4        000000
__Hbank5                 bank5        000000
__Hbank6                 bank6        000000
__Hbank7                 bank7        000000
__Hbigbss                bigbss       000000
__Hbigdata               bigdata      000000
__Hbigram                bigram       000000
__Hbss                   bss          000000
__Hcinit                 cinit        000000
__Hclrtext               clrtext      000000
__Hcomram                comram       000000
__Hconfig                config       30000E
__Hconst                 const        000000
__HcstackCOMRAM          cstackCOMRAM 000000
__Hdata                  data         000000
__Heeprom_data           eeprom_data  000000
__Hend_init              end_init     000004
__Hfarbss                farbss       000000
__Hfardata               fardata      000000
__Hibigdata              ibigdata     000000
__Hidata                 idata        000000
__Hidloc                 idloc        200008
__Hifardata              ifardata     000000
__Hinit                  init         000000
__Hintcode               intcode      000000
__Hintcode_body          intcode_body 000000
__Hintcodelo             intcodelo    000000
__Hintentry              intentry     000000
__Hintret                intret       000000
__Hintsave_regs          intsave_regs 000000
__Hirdata                irdata       000000
__Hmediumconst           mediumconst  000000
__HnvFARRAM              nvFARRAM     000000
__Hnvbit                 nvbit        000000
__Hnvrram                nvrram       000000
__Hparam                 rparam       000000
__Hpowerup               powerup      000000
__Hram                   ram          000000
__Hramtop                ramtop       000800
__Hrbit                  rbit         000000
__Hrbss                  rbss         000000
__Hrdata                 rdata        000000
__Hreset_vec             reset_vec    000000
__Hrparam                rparam       000000
__Hsfr                   sfr          000000
__Hsmallconst            smallconst   000000
__Hspace_0               (abs)        30000E
__Hspace_1               (abs)        000037
__Hspace_2               (abs)        000000
__Hstack                 stack        000000
__Hstruct                struct       000000
__Htemp                  temp         000000
__Htext                  text         000000
__Htext0                 text0        000000
__Htext1                 text1        000000
__Htext2                 text2        000000
__Htext3                 text3        000000
__Htext4                 text4        000000
__Htext5                 text5        000000
__Htext6                 text6        000000
__LRAM                   (abs)        000001
__Labs1                  abs1         000000
__Lbank0                 bank0        000000
__Lbank1                 bank1        000000
__Lbank2                 bank2        000000
__Lbank3                 bank3        000000
__Lbank4                 bank4        000000
__Lbank5                 bank5        000000
__Lbank6                 bank6        000000
__Lbank7                 bank7        000000
__Lbigbss                bigbss       000000
__Lbigdata               bigdata      000000
__Lbigram                bigram       000000
__Lbss                   bss          000000
__Lcinit                 cinit        000000
__Lclrtext               clrtext      000000
__Lcomram                comram       000000
__Lconfig                config       300000
__Lconst                 const        000000
__LcstackCOMRAM          cstackCOMRAM 000000
__Ldata                  data         000000
__Leeprom_data           eeprom_data  000000
__Lend_init              end_init     000000
__Lfarbss                farbss       000000
__Lfardata               fardata      000000
__Libigdata              ibigdata     000000
__Lidata                 idata        000000
__Lidloc                 idloc        200000
__Lifardata              ifardata     000000
__Linit                  init         000000
__Lintcode               intcode      000000
__Lintcode_body          intcode_body 000000
__Lintcodelo             intcodelo    000000
__Lintentry              intentry     000000
__Lintret                intret       000000
__Lintsave_regs          intsave_regs 000000
__Lirdata                irdata       000000
__Lmediumconst           mediumconst  000000
__LnvFARRAM              nvFARRAM     000000
__Lnvbit                 nvbit        000000
__Lnvrram                nvrram       000000
__Lparam                 rparam       000000
__Lpowerup               powerup      000000
__Lram                   ram          000000
__Lramtop                ramtop       000800
__Lrbit                  rbit         000000
__Lrbss                  rbss         000000
__Lrdata                 rdata        000000
__Lreset_vec             reset_vec    000000
__Lrparam                rparam       000000
__Lsfr                   sfr          000000
__Lsmallconst            smallconst   000000
__Lspace_0               (abs)        000000
__Lspace_1               (abs)        000000
__Lspace_2               (abs)        000000
__Lstack                 stack        000000
__Lstruct                struct       000000
__Ltemp                  temp         000000
__Ltext                  text         000000
__Ltext0                 text0        000000
__Ltext1                 text1        000000
__Ltext2                 text2        000000
__Ltext3                 text3        000000
__Ltext4                 text4        000000
__Ltext5                 text5        000000
__Ltext6                 text6        000000
__S0                     (abs)        30000E
__S1                     (abs)        000037
__S2                     (abs)        000000
___ftmul                 text5        007CC4
___ftmul@cntr            cstackCOMRAM 00001F
___ftmul@exp             cstackCOMRAM 00001B
___ftmul@f1              cstackCOMRAM 000012
___ftmul@f2              cstackCOMRAM 000015
___ftmul@f3_as_product   cstackCOMRAM 00001C
___ftmul@sign            cstackCOMRAM 000020
___ftpack                text6        007C16
___ftpack@arg            cstackCOMRAM 000001
___ftpack@exp            cstackCOMRAM 000004
___ftpack@sign           cstackCOMRAM 000005
___fttol                 text4        007DB8
___fttol@exp1            cstackCOMRAM 00000F
___fttol@f1              cstackCOMRAM 000001
___fttol@lval            cstackCOMRAM 00000B
___fttol@sign1           cstackCOMRAM 00000A
___inthi_sp              stack        000000
___intlo_sp              stack        000000
___lltoft                text3        007BBA
___lltoft@c              cstackCOMRAM 000009
___lltoft@exp            cstackCOMRAM 000011
___param_bank            (abs)        000010
___rparam_used           (abs)        000001
___sp                    stack        000000
___wmul                  text2        007B54
___wmul@multiplicand     cstackCOMRAM 000003
___wmul@multiplier       cstackCOMRAM 000001
___wmul@product          cstackCOMRAM 000005
__accesstop              (abs)        000060
__activetblptr           (abs)        000002
__end_of___ftmul         text5        007DB8
__end_of___ftpack        text6        007CC4
__end_of___fttol         text4        007EAC
__end_of___lltoft        text3        007C16
__end_of___wmul          text2        007B7A
__end_of__initialization cinit        007B4A
__end_of_delaySeconds    text1        007BBA
__end_of_main            text0        008000
__initialization         cinit        007B4A
__mediumconst            mediumconst  000000
__pcinit                 cinit        007B4A
__pcstackCOMRAM          cstackCOMRAM 000001
__ptext0                 text0        007EAC
__ptext1                 text1        007B7A
__ptext2                 text2        007B54
__ptext3                 text3        007BBA
__ptext4                 text4        007DB8
__ptext5                 text5        007CC4
__ptext6                 text6        007C16
__ramtop                 ramtop       000800
__size_of___ftmul        (abs)        000000
__size_of___ftpack       (abs)        000000
__size_of___fttol        (abs)        000000
__size_of___lltoft       (abs)        000000
__size_of___wmul         (abs)        000000
__size_of_delaySeconds   (abs)        000000
__size_of_main           (abs)        000000
__smallconst             smallconst   000000
_delaySeconds            text1        007B7A
_main                    text0        007EAC
delaySeconds@a           cstackCOMRAM 00000A
delaySeconds@seconds     cstackCOMRAM 000007
end_of_initialization    cinit        007B4A
intlevel0                text         000000
intlevel1                text         000000
intlevel2                text         000000
intlevel3                text         000000
main@state               cstackCOMRAM 000032
main@tHours              cstackCOMRAM 00002B
main@tLocked             cstackCOMRAM 000034
main@tRemaining          cstackCOMRAM 00002E
main@tSecondsPerHour     cstackCOMRAM 000027
main@tUnlocked           cstackCOMRAM 000023
stackhi                  (abs)        0007FF
stacklo                  (abs)        000060
start                    init         000000
start_initialization     cinit        007B4A


FUNCTION INFORMATION:

 *************** function _main *****************
 Defined at:
		line 21 in file "main.c"
 Parameters:    Size  Location     Type
		None
 Auto vars:     Size  Location     Type
  tRemaining      4   45[COMRAM] unsigned long 
  tSecondsPerH    4   38[COMRAM] unsigned long 
  tUnlocked       4   34[COMRAM] unsigned long 
  tLocked         3   51[COMRAM] unsigned long 
  tHours          3   42[COMRAM] unsigned long 
  state           2   49[COMRAM] int 
 Return value:  Size  Location     Type
                  2   18[None  ] int 
 Registers used:
		wreg, status,2, status,0, prodl, prodh, cstack
 Tracked objects:
		On entry : 
		On exit  : 
		Unchanged: 
 Data sizes:     COMRAM   BANK0   BANK1   BANK2   BANK3   BANK4   BANK5   BANK6   BANK7
      Params:         0       0       0       0       0       0       0       0       0
      Locals:        20       0       0       0       0       0       0       0       0
      Temps:          2       0       0       0       0       0       0       0       0
      Totals:        22       0       0       0       0       0       0       0       0
Total ram usage:       22 bytes
 Hardware stack levels required when called:    2
 This function calls:
		___ftmul
		___fttol
		___lltoft
		_delaySeconds
 This function is called by:
		Startup code after reset
 This function uses a non-reentrant model


 *************** function _delaySeconds *****************
 Defined at:
		line 14 in file "main.c"
 Parameters:    Size  Location     Type
  seconds         2    6[COMRAM] unsigned int 
 Auto vars:     Size  Location     Type
  a               2    9[COMRAM] int 
 Return value:  Size  Location     Type
                  1    wreg      void 
 Registers used:
		wreg, status,2, status,0, prodl, prodh, cstack
 Tracked objects:
		On entry : 
		On exit  : 
		Unchanged: 
 Data sizes:     COMRAM   BANK0   BANK1   BANK2   BANK3   BANK4   BANK5   BANK6   BANK7
      Params:         2       0       0       0       0       0       0       0       0
      Locals:         2       0       0       0       0       0       0       0       0
      Temps:          1       0       0       0       0       0       0       0       0
      Totals:         5       0       0       0       0       0       0       0       0
Total ram usage:        5 bytes
 Hardware stack levels used:    1
 Hardware stack levels required when called:    1
 This function calls:
		___wmul
 This function is called by:
		_main
 This function uses a non-reentrant model


 *************** function ___wmul *****************
 Defined at:
		line 15 in file "/opt/microchip/xc8/v1.37/sources/common/Umul16.c"
 Parameters:    Size  Location     Type
  multiplier      2    0[COMRAM] unsigned int 
  multiplicand    2    2[COMRAM] unsigned int 
 Auto vars:     Size  Location     Type
  product         2    4[COMRAM] unsigned int 
 Return value:  Size  Location     Type
                  2    0[COMRAM] unsigned int 
 Registers used:
		wreg, status,2, status,0, prodl, prodh
 Tracked objects:
		On entry : 
		On exit  : 
		Unchanged: 
 Data sizes:     COMRAM   BANK0   BANK1   BANK2   BANK3   BANK4   BANK5   BANK6   BANK7
      Params:         4       0       0       0       0       0       0       0       0
      Locals:         2       0       0       0       0       0       0       0       0
      Temps:          0       0       0       0       0       0       0       0       0
      Totals:         6       0       0       0       0       0       0       0       0
Total ram usage:        6 bytes
 Hardware stack levels used:    1
 This function calls:
		Nothing
 This function is called by:
		_delaySeconds
 This function uses a non-reentrant model


 *************** function ___lltoft *****************
 Defined at:
		line 35 in file "/opt/microchip/xc8/v1.37/sources/common/lltoft.c"
 Parameters:    Size  Location     Type
  c               4    8[COMRAM] unsigned long 
 Auto vars:     Size  Location     Type
  exp             1   16[COMRAM] unsigned char 
 Return value:  Size  Location     Type
                  3    8[COMRAM] float 
 Registers used:
		wreg, status,2, status,0, cstack
 Tracked objects:
		On entry : 
		On exit  : 
		Unchanged: 
 Data sizes:     COMRAM   BANK0   BANK1   BANK2   BANK3   BANK4   BANK5   BANK6   BANK7
      Params:         4       0       0       0       0       0       0       0       0
      Locals:         1       0       0       0       0       0       0       0       0
      Temps:          4       0       0       0       0       0       0       0       0
      Totals:         9       0       0       0       0       0       0       0       0
Total ram usage:        9 bytes
 Hardware stack levels used:    1
 Hardware stack levels required when called:    1
 This function calls:
		___ftpack
 This function is called by:
		_main
 This function uses a non-reentrant model


 *************** function ___fttol *****************
 Defined at:
		line 44 in file "/opt/microchip/xc8/v1.37/sources/common/fttol.c"
 Parameters:    Size  Location     Type
  f1              3    0[COMRAM] float 
 Auto vars:     Size  Location     Type
  lval            4   10[COMRAM] unsigned long 
  exp1            1   14[COMRAM] unsigned char 
  sign1           1    9[COMRAM] unsigned char 
 Return value:  Size  Location     Type
                  4    0[COMRAM] long 
 Registers used:
		wreg, status,2, status,0
 Tracked objects:
		On entry : 
		On exit  : 
		Unchanged: 
 Data sizes:     COMRAM   BANK0   BANK1   BANK2   BANK3   BANK4   BANK5   BANK6   BANK7
      Params:         4       0       0       0       0       0       0       0       0
      Locals:         6       0       0       0       0       0       0       0       0
      Temps:          5       0       0       0       0       0       0       0       0
      Totals:        15       0       0       0       0       0       0       0       0
Total ram usage:       15 bytes
 Hardware stack levels used:    1
 This function calls:
		Nothing
 This function is called by:
		_main
 This function uses a non-reentrant model


 *************** function ___ftmul *****************
 Defined at:
		line 62 in file "/opt/microchip/xc8/v1.37/sources/common/ftmul.c"
 Parameters:    Size  Location     Type
  f1              3   17[COMRAM] float 
  f2              3   20[COMRAM] float 
 Auto vars:     Size  Location     Type
  f3_as_produc    3   27[COMRAM] unsigned um
  sign            1   31[COMRAM] unsigned char 
  cntr            1   30[COMRAM] unsigned char 
  exp             1   26[COMRAM] unsigned char 
 Return value:  Size  Location     Type
                  3   17[COMRAM] float 
 Registers used:
		wreg, status,2, status,0, cstack
 Tracked objects:
		On entry : 
		On exit  : 
		Unchanged: 
 Data sizes:     COMRAM   BANK0   BANK1   BANK2   BANK3   BANK4   BANK5   BANK6   BANK7
      Params:         6       0       0       0       0       0       0       0       0
      Locals:         6       0       0       0       0       0       0       0       0
      Temps:          3       0       0       0       0       0       0       0       0
      Totals:        15       0       0       0       0       0       0       0       0
Total ram usage:       15 bytes
 Hardware stack levels used:    1
 Hardware stack levels required when called:    1
 This function calls:
		___ftpack
 This function is called by:
		_main
 This function uses a non-reentrant model


 *************** function ___ftpack *****************
 Defined at:
		line 62 in file "/opt/microchip/xc8/v1.37/sources/common/float.c"
 Parameters:    Size  Location     Type
  arg             3    0[COMRAM] unsigned um
  exp             1    3[COMRAM] unsigned char 
  sign            1    4[COMRAM] unsigned char 
 Auto vars:     Size  Location     Type
		None
 Return value:  Size  Location     Type
                  3    0[COMRAM] float 
 Registers used:
		wreg, status,2, status,0
 Tracked objects:
		On entry : 
		On exit  : 
		Unchanged: 
 Data sizes:     COMRAM   BANK0   BANK1   BANK2   BANK3   BANK4   BANK5   BANK6   BANK7
      Params:         5       0       0       0       0       0       0       0       0
      Locals:         0       0       0       0       0       0       0       0       0
      Temps:          3       0       0       0       0       0       0       0       0
      Totals:         8       0       0       0       0       0       0       0       0
Total ram usage:        8 bytes
 Hardware stack levels used:    1
 This function calls:
		Nothing
 This function is called by:
		___ftmul
		___lltoft
 This function uses a non-reentrant model



MODULE INFORMATION

Module		Function		Class		Link	Load	Size
/opt/microchip/xc8/v1.37/sources/common/ftmul.c
		___ftmul       		CODE           	7CC4	0000	245

/opt/microchip/xc8/v1.37/sources/common/ftmul.c estimated size: 245

/opt/microchip/xc8/v1.37/sources/common/fttol.c
		___fttol       		CODE           	7DB8	0000	245

/opt/microchip/xc8/v1.37/sources/common/fttol.c estimated size: 245

shared
		__initialization		CODE           	7B4A	0000	1

shared estimated size: 1

/opt/microchip/xc8/v1.37/sources/common/lltoft.c
		___lltoft      		CODE           	7BBA	0000	93

/opt/microchip/xc8/v1.37/sources/common/lltoft.c estimated size: 93

main.c
		_delaySeconds  		CODE           	7B7A	0000	65
		_main          		CODE           	7EAC	0000	341

main.c estimated size: 406

/opt/microchip/xc8/v1.37/sources/common/float.c
		___ftpack      		CODE           	7C16	0000	175

/opt/microchip/xc8/v1.37/sources/common/float.c estimated size: 175

/opt/microchip/xc8/v1.37/sources/common/Umul16.c
		___wmul        		CODE           	7B54	0000	39

/opt/microchip/xc8/v1.37/sources/common/Umul16.c estimated size: 39

